Microchip MPLAB XC8 Compiler V1.43 ()

Linker command line:

-W-3 --edf=C:\Program Files (x86)\Microchip\xc8\v1.43\dat\en_msgs.txt -cs \
  -h+dist/default/production\STEPPERforAGT3.production.sym \
  --cmf=dist/default/production\STEPPERforAGT3.production.cmf -z -Q16F1827 \
  -oC:\Users\1\AppData\Local\Temp\sdlk.2 \
  -Mdist/default/production/STEPPERforAGT3.production.map -E1 -ver=XC8 \
  -ASTACK=02060h-0216fh -pstack=STACK -ACODE=00h-07FFhx2 \
  -ASTRCODE=00h-0FFFh -ASTRING=00h-0FFhx16 -ACONST=00h-0FFhx16 \
  -AENTRY=00h-0FFhx16 -ACOMMON=070h-07Fh -ABANK0=020h-06Fh \
  -ABANK1=0A0h-0EFh -ABANK2=0120h-016Fh -ABANK3=01A0h-01EFh \
  -ABANK4=0220h-024Fh -ABIGRAM=02000h-0216Fh \
  -ARAM=020h-06Fh,0A0h-0EFh,0120h-016Fh,01A0h-01EFh,0220h-024Fh \
  -AABS1=020h-07Fh,0A0h-0EFh,0120h-016Fh,01A0h-01EFh,0220h-024Fh \
  -ASFR0=00h-01Fh -ASFR1=080h-09Fh -ASFR2=0100h-011Fh -ASFR3=0180h-019Fh \
  -ASFR4=0200h-021Fh -ASFR5=0280h-02EFh -ASFR6=0300h-036Fh \
  -ASFR7=0380h-03EFh -ASFR8=0400h-046Fh -ASFR9=0480h-04EFh \
  -ASFR10=0500h-056Fh -ASFR11=0580h-05EFh -ASFR12=0600h-066Fh \
  -ASFR13=0680h-06EFh -ASFR14=0700h-076Fh -ASFR15=0780h-07EFh \
  -ASFR16=0800h-086Fh -ASFR17=0880h-08EFh -ASFR18=0900h-096Fh \
  -ASFR19=0980h-09EFh -ASFR20=0A00h-0A6Fh -ASFR21=0A80h-0AEFh \
  -ASFR22=0B00h-0B6Fh -ASFR23=0B80h-0BEFh -ASFR24=0C00h-0C6Fh \
  -ASFR25=0C80h-0CEFh -ASFR26=0D00h-0D6Fh -ASFR27=0D80h-0DEFh \
  -ASFR28=0E00h-0E6Fh -ASFR29=0E80h-0EEFh -ASFR30=0F00h-0F6Fh \
  -ASFR31=0F80h-0FEFh -preset_vec=00h,intentry=04h,init,end_init \
  -ppowerup=CODE -pcinit=CODE -pfunctab=ENTRY -ACONFIG=08007h-08008h \
  -pconfig=CONFIG -DCONFIG=2 -AIDLOC=08000h-08003h -pidloc=IDLOC -DIDLOC=2 \
  -AEEDATA=00h-0FFh/0F000h -peeprom_data=EEDATA -DEEDATA=2 -DCODE=2 \
  -DSTRCODE=2 -DSTRING=2 -DCONST=2 -DENTRY=2 -k \
  C:\Users\1\AppData\Local\Temp\sdlk.obj \
  dist/default/production\STEPPERforAGT3.production.obj 

Object code version is 3.11

Machine type is 16F1827



                Name                               Link     Load   Length Selector   Space Scale
C:\Users\1\AppData\Local\Temp\sdlk.obj
                end_init                             5D       5D        2        8       0
                reset_vec                             0        0        2        0       0
                config                             8007     8007        2    1000E       0
dist/default/production\STEPPERforAGT3.production.obj
                cinit                                5F       5F       1F        8       0
                intentry                              4        4       59        8       0
                text9                               2B7      2B7        7        8       0
                text8                               250      250       1A        8       0
                text7                               2A4      2A4        A        8       0
                text6                               280      280       15        8       0
                text5                               235      235       1B        8       0
                text4                               219      219       1C        8       0
                text3                               2AE      2AE        9        8       0
                text2                               26A      26A       16        8       0
                text1                                7E       7E      169        8       0
                maintext                            295      295        F        8       0
                cstackBANK0                          5E       5E        6       20       1
                cstackCOMMON                         70       70        6       70       1
                cstackBANK1                          A0       A0       10       A0       1
                inittext                            2BE      2BE        6        8       0
                dataBANK0                            20       20       32       20       1
                bssBANK0                             52       52        C       20       1
                bssCOMMON                            76       76        4       70       1
                idataBANK0                          1E7      1E7       32        8       0

TOTAL           Name                               Link     Load   Length     Space
        CLASS   STACK          

        CLASS   CODE           
                end_init                             5D       5D        2         0
                cinit                                5F       5F       1F         0
                intentry                              4        4       59         0
                reset_vec                             0        0        2         0
                text9                               2B7      2B7        7         0
                text8                               250      250       1A         0
                text7                               2A4      2A4        A         0
                text6                               280      280       15         0
                text5                               235      235       1B         0
                text4                               219      219       1C         0
                text3                               2AE      2AE        9         0
                text2                               26A      26A       16         0
                text1                                7E       7E      169         0
                maintext                            295      295        F         0
                inittext                            2BE      2BE        6         0
                idataBANK0                          1E7      1E7       32         0

        CLASS   STRCODE        

        CLASS   STRING         

        CLASS   CONST          

        CLASS   ENTRY          

        CLASS   COMMON         
                cstackCOMMON                         70       70        6         1
                bssCOMMON                            76       76        4         1

        CLASS   BANK0          
                cstackBANK0                          5E       5E        6         1
                dataBANK0                            20       20       32         1
                bssBANK0                             52       52        C         1

        CLASS   BANK1          
                cstackBANK1                          A0       A0       10         1

        CLASS   BANK2          

        CLASS   BANK3          

        CLASS   BANK4          

        CLASS   BIGRAM         

        CLASS   RAM            

        CLASS   ABS1           
                abs_s1                               7E       7E        2         1

        CLASS   SFR0           

        CLASS   SFR1           

        CLASS   SFR2           

        CLASS   SFR3           

        CLASS   SFR4           

        CLASS   SFR5           

        CLASS   SFR6           

        CLASS   SFR7           

        CLASS   SFR8           

        CLASS   SFR9           

        CLASS   SFR10          

        CLASS   SFR11          

        CLASS   SFR12          

        CLASS   SFR13          

        CLASS   SFR14          

        CLASS   SFR15          

        CLASS   SFR16          

        CLASS   SFR17          

        CLASS   SFR18          

        CLASS   SFR19          

        CLASS   SFR20          

        CLASS   SFR21          

        CLASS   SFR22          

        CLASS   SFR23          

        CLASS   SFR24          

        CLASS   SFR25          

        CLASS   SFR26          

        CLASS   SFR27          

        CLASS   SFR28          

        CLASS   SFR29          

        CLASS   SFR30          

        CLASS   SFR31          

        CLASS   CONFIG         
                config                             8007     8007        2         0

        CLASS   IDLOC          

        CLASS   EEDATA         

        CLASS   BANK31         

        CLASS   BANK30         

        CLASS   BANK29         

        CLASS   BANK28         

        CLASS   BANK27         

        CLASS   BANK26         

        CLASS   BANK25         

        CLASS   BANK24         

        CLASS   BANK23         

        CLASS   BANK22         

        CLASS   BANK21         

        CLASS   BANK20         

        CLASS   BANK19         

        CLASS   BANK18         

        CLASS   BANK17         

        CLASS   BANK16         

        CLASS   BANK15         

        CLASS   BANK14         

        CLASS   BANK13         

        CLASS   BANK12         

        CLASS   BANK11         

        CLASS   BANK10         

        CLASS   BANK9          

        CLASS   BANK8          

        CLASS   BANK7          

        CLASS   BANK6          

        CLASS   BANK5          



SEGMENTS        Name                           Load    Length   Top    Selector   Space  Class     Delta

                reset_vec                      000000  000002  000002         0       0  CODE        2
                intentry                       000004  0002C0  0002C4         8       0  CODE        2
                dataBANK0                      000020  000044  000064        20       1  BANK0       1
                cstackCOMMON                   000070  00000A  00007A        70       1  COMMON      1
                cstackBANK1                    0000A0  000010  0000B0        A0       1  BANK1       1
                config                         008007  000002  008009     1000E       0  CONFIG      2


UNUSED ADDRESS RANGES

        Name                Unused          Largest block    Delta
        BANK0            00064-0006F               C           1
        BANK1            000B0-000EF              40           1
        BANK2            00120-0016F              50           1
        BANK3            001A0-001EF              50           1
        BANK4            00220-0024F              30           1
        BIGRAM           02000-0216F             170           1
        CODE             00002-00003               2           2
                         002C4-00FFF             53C
        COMMON           0007A-0007D               4           1
        CONST            00002-00003               2           2
                         002C4-00FFF             100
        EEDATA           0F000-0F0FF             100           2
        ENTRY            00002-00003               2           2
                         002C4-00FFF             100
        IDLOC            08000-08003               4           2
        RAM              00064-0006F               C           1
                         000B0-000EF              40
                         00120-0016F              50
                         001A0-001EF              50
                         00220-0024F              30
        SFR0             00000-0001F              20           1
        SFR1             00080-0009F              20           1
        SFR10            00500-0056F              70           1
        SFR11            00580-005EF              70           1
        SFR12            00600-0066F              70           1
        SFR13            00680-006EF              70           1
        SFR14            00700-0076F              70           1
        SFR15            00780-007EF              70           1
        SFR16            00800-0086F              70           1
        SFR17            00880-008EF              70           1
        SFR18            00900-0096F              70           1
        SFR19            00980-009EF              70           1
        SFR2             00100-0011F              20           1
        SFR20            00A00-00A6F              70           1
        SFR21            00A80-00AEF              70           1
        SFR22            00B00-00B6F              70           1
        SFR23            00B80-00BEF              70           1
        SFR24            00C00-00C6F              70           1
        SFR25            00C80-00CEF              70           1
        SFR26            00D00-00D6F              70           1
        SFR27            00D80-00DEF              70           1
        SFR28            00E00-00E6F              70           1
        SFR29            00E80-00EEF              70           1
        SFR3             00180-0019F              20           1
        SFR30            00F00-00F6F              70           1
        SFR31            00F80-00FEF              70           1
        SFR4             00200-0021F              20           1
        SFR5             00280-002EF              70           1
        SFR6             00300-0036F              70           1
        SFR7             00380-003EF              70           1
        SFR8             00400-0046F              70           1
        SFR9             00480-004EF              70           1
        STACK            02060-0216F             110           1
        STRCODE          00002-00003               2           2
                         002C4-00FFF             D3C
        STRING           00002-00003               2           2
                         002C4-00FFF             100

                                  Symbol Table

?___wmul                 cstackBANK0  0005E
?_cos_culc               cstackBANK0  0005E
?_sin_culc               cstackCOMMON 00074
_ADCON0bits              (abs)        0009D
_ADCON1bits              (abs)        0009E
_ADC_init                text8        00250
_ADRESH                  (abs)        0009C
_ANSELA                  (abs)        0018C
_ANSELB                  (abs)        0018D
_CCP1CONbits             (abs)        00293
_CCP2CONbits             (abs)        0029A
_CCP3CONbits             (abs)        00313
_CCP4CONbits             (abs)        0031A
_CCPR1L                  (abs)        00291
_CCPR2L                  (abs)        00298
_CCPR3L                  (abs)        00311
_CCPR4L                  (abs)        00318
_FVRCONbits              (abs)        00117
_FVR_init                text9        002B7
_INTCONbits              (abs)        0000B
_OPTION_REGbits          (abs)        00095
_OSCCONbits              (abs)        00099
_PIE1bits                (abs)        00091
_PIR1bits                (abs)        00011
_PORTA                   (abs)        0000C
_PORTB                   (abs)        0000D
_PR2                     (abs)        0001B
_PWM_init                text6        00280
_RA1                     (abs)        00061
_T2CONbits               (abs)        0001C
_TMR2_init               text7        002A4
_TRISA                   (abs)        0008C
_TRISB                   (abs)        0008D
_V8_table                dataBANK0    00020
__CFG_BOREN$ON           (abs)        00000
__CFG_BORV$LO            (abs)        00000
__CFG_CLKOUTEN$OFF       (abs)        00000
__CFG_CP$OFF             (abs)        00000
__CFG_CPD$OFF            (abs)        00000
__CFG_FCMEN$ON           (abs)        00000
__CFG_FOSC$INTOSC        (abs)        00000
__CFG_IESO$ON            (abs)        00000
__CFG_LVP$ON             (abs)        00000
__CFG_MCLRE$ON           (abs)        00000
__CFG_PLLEN$ON           (abs)        00000
__CFG_PWRTE$OFF          (abs)        00000
__CFG_STVREN$ON          (abs)        00000
__CFG_WDTE$OFF           (abs)        00000
__CFG_WRT$OFF            (abs)        00000
__Habs1                  abs1         00000
__Hbank0                 bank0        00000
__Hbank1                 bank1        00000
__Hbank10                bank10       00000
__Hbank11                bank11       00000
__Hbank12                bank12       00000
__Hbank13                bank13       00000
__Hbank14                bank14       00000
__Hbank15                bank15       00000
__Hbank16                bank16       00000
__Hbank17                bank17       00000
__Hbank18                bank18       00000
__Hbank19                bank19       00000
__Hbank2                 bank2        00000
__Hbank20                bank20       00000
__Hbank21                bank21       00000
__Hbank22                bank22       00000
__Hbank23                bank23       00000
__Hbank24                bank24       00000
__Hbank25                bank25       00000
__Hbank26                bank26       00000
__Hbank27                bank27       00000
__Hbank28                bank28       00000
__Hbank29                bank29       00000
__Hbank3                 bank3        00000
__Hbank30                bank30       00000
__Hbank31                bank31       00000
__Hbank4                 bank4        00000
__Hbank5                 bank5        00000
__Hbank6                 bank6        00000
__Hbank7                 bank7        00000
__Hbank8                 bank8        00000
__Hbank9                 bank9        00000
__Hbigram                bigram       00000
__HbssBANK0              bssBANK0     00000
__HbssCOMMON             bssCOMMON    00000
__Hcinit                 cinit        0007E
__Hclrtext               clrtext      00000
__Hcode                  code         00000
__Hcommon                common       00000
__Hconfig                config       08009
__HcstackBANK0           cstackBANK0  00000
__HcstackBANK1           cstackBANK1  00000
__HcstackCOMMON          cstackCOMMON 00000
__HdataBANK0             dataBANK0    00000
__Heeprom_data           eeprom_data  00000
__Hend_init              end_init     0005F
__Hfunctab               functab      00000
__HidataBANK0            idataBANK0   00000
__Hidloc                 idloc        00000
__Hinit                  init         0005D
__Hinittext              inittext     00000
__Hintentry              intentry     0005D
__Hmaintext              maintext     00000
__Hpowerup               powerup      00000
__Hram                   ram          00000
__Hreset_vec             reset_vec    00002
__Hsfr0                  sfr0         00000
__Hsfr1                  sfr1         00000
__Hsfr10                 sfr10        00000
__Hsfr11                 sfr11        00000
__Hsfr12                 sfr12        00000
__Hsfr13                 sfr13        00000
__Hsfr14                 sfr14        00000
__Hsfr15                 sfr15        00000
__Hsfr16                 sfr16        00000
__Hsfr17                 sfr17        00000
__Hsfr18                 sfr18        00000
__Hsfr19                 sfr19        00000
__Hsfr2                  sfr2         00000
__Hsfr20                 sfr20        00000
__Hsfr21                 sfr21        00000
__Hsfr22                 sfr22        00000
__Hsfr23                 sfr23        00000
__Hsfr24                 sfr24        00000
__Hsfr25                 sfr25        00000
__Hsfr26                 sfr26        00000
__Hsfr27                 sfr27        00000
__Hsfr28                 sfr28        00000
__Hsfr29                 sfr29        00000
__Hsfr3                  sfr3         00000
__Hsfr30                 sfr30        00000
__Hsfr31                 sfr31        00000
__Hsfr4                  sfr4         00000
__Hsfr5                  sfr5         00000
__Hsfr6                  sfr6         00000
__Hsfr7                  sfr7         00000
__Hsfr8                  sfr8         00000
__Hsfr9                  sfr9         00000
__Hspace_0               (abs)        08009
__Hspace_1               (abs)        000B0
__Hspace_2               (abs)        00000
__Hspace_3               (abs)        00000
__Hstack                 stack        00000
__Hstrings               strings      00000
__Htext                  text         00000
__Labs1                  abs1         00000
__Lbank0                 bank0        00000
__Lbank1                 bank1        00000
__Lbank10                bank10       00000
__Lbank11                bank11       00000
__Lbank12                bank12       00000
__Lbank13                bank13       00000
__Lbank14                bank14       00000
__Lbank15                bank15       00000
__Lbank16                bank16       00000
__Lbank17                bank17       00000
__Lbank18                bank18       00000
__Lbank19                bank19       00000
__Lbank2                 bank2        00000
__Lbank20                bank20       00000
__Lbank21                bank21       00000
__Lbank22                bank22       00000
__Lbank23                bank23       00000
__Lbank24                bank24       00000
__Lbank25                bank25       00000
__Lbank26                bank26       00000
__Lbank27                bank27       00000
__Lbank28                bank28       00000
__Lbank29                bank29       00000
__Lbank3                 bank3        00000
__Lbank30                bank30       00000
__Lbank31                bank31       00000
__Lbank4                 bank4        00000
__Lbank5                 bank5        00000
__Lbank6                 bank6        00000
__Lbank7                 bank7        00000
__Lbank8                 bank8        00000
__Lbank9                 bank9        00000
__Lbigram                bigram       00000
__LbssBANK0              bssBANK0     00000
__LbssCOMMON             bssCOMMON    00000
__Lcinit                 cinit        0005F
__Lclrtext               clrtext      00000
__Lcode                  code         00000
__Lcommon                common       00000
__Lconfig                config       08007
__LcstackBANK0           cstackBANK0  00000
__LcstackBANK1           cstackBANK1  00000
__LcstackCOMMON          cstackCOMMON 00000
__LdataBANK0             dataBANK0    00000
__Leeprom_data           eeprom_data  00000
__Lend_init              end_init     0005D
__Lfunctab               functab      00000
__LidataBANK0            idataBANK0   00000
__Lidloc                 idloc        00000
__Linit                  init         0005D
__Linittext              inittext     00000
__Lintentry              intentry     00004
__Lmaintext              maintext     00000
__Lpowerup               powerup      00000
__Lram                   ram          00000
__Lreset_vec             reset_vec    00000
__Lsfr0                  sfr0         00000
__Lsfr1                  sfr1         00000
__Lsfr10                 sfr10        00000
__Lsfr11                 sfr11        00000
__Lsfr12                 sfr12        00000
__Lsfr13                 sfr13        00000
__Lsfr14                 sfr14        00000
__Lsfr15                 sfr15        00000
__Lsfr16                 sfr16        00000
__Lsfr17                 sfr17        00000
__Lsfr18                 sfr18        00000
__Lsfr19                 sfr19        00000
__Lsfr2                  sfr2         00000
__Lsfr20                 sfr20        00000
__Lsfr21                 sfr21        00000
__Lsfr22                 sfr22        00000
__Lsfr23                 sfr23        00000
__Lsfr24                 sfr24        00000
__Lsfr25                 sfr25        00000
__Lsfr26                 sfr26        00000
__Lsfr27                 sfr27        00000
__Lsfr28                 sfr28        00000
__Lsfr29                 sfr29        00000
__Lsfr3                  sfr3         00000
__Lsfr30                 sfr30        00000
__Lsfr31                 sfr31        00000
__Lsfr4                  sfr4         00000
__Lsfr5                  sfr5         00000
__Lsfr6                  sfr6         00000
__Lsfr7                  sfr7         00000
__Lsfr8                  sfr8         00000
__Lsfr9                  sfr9         00000
__Lspace_0               (abs)        00000
__Lspace_1               (abs)        00000
__Lspace_2               (abs)        00000
__Lspace_3               (abs)        00000
__Lstack                 stack        00000
__Lstrings               strings      00000
__Ltext                  text         00000
__S0                     (abs)        08009
__S1                     (abs)        000B0
__S2                     (abs)        00000
__S3                     (abs)        00000
___int_sp                stack        00000
___latbits               (abs)        00001
___sp                    stack        00000
___wmul                  text4        00219
___wmul@multiplicand     cstackBANK0  00060
___wmul@multiplier       cstackBANK0  0005E
___wmul@product          cstackCOMMON 00074
__end_of_ADC_init        text8        0026A
__end_of_FVR_init        text9        002BE
__end_of_PWM_init        text6        00295
__end_of_TMR2_init       text7        002AE
__end_of___wmul          text4        00235
__end_of__initialization cinit        0007A
__end_of_cos_culc        text2        00280
__end_of_init            text5        00250
__end_of_intr            intentry     0005D
__end_of_main            maintext     002A4
__end_of_output          text1        001E7
__end_of_sin_culc        text3        002B7
__initialization         cinit        0005F
__pbssBANK0              bssBANK0     00052
__pbssCOMMON             bssCOMMON    00076
__pcstackBANK0           cstackBANK0  0005E
__pcstackBANK1           cstackBANK1  000A0
__pcstackCOMMON          cstackCOMMON 00070
__pdataBANK0             dataBANK0    00020
__pidataBANK0            idataBANK0   001E7
__pintentry              intentry     00004
__pmaintext              maintext     00295
__ptext1                 text1        0007E
__ptext2                 text2        0026A
__ptext3                 text3        002AE
__ptext4                 text4        00219
__ptext5                 text5        00235
__ptext6                 text6        00280
__ptext7                 text7        002A4
__ptext8                 text8        00250
__ptext9                 text9        002B7
__size_of_ADC_init       (abs)        00000
__size_of_FVR_init       (abs)        00000
__size_of_PWM_init       (abs)        00000
__size_of_TMR2_init      (abs)        00000
__size_of___wmul         (abs)        00000
__size_of_cos_culc       (abs)        00000
__size_of_init           (abs)        00000
__size_of_intr           (abs)        00000
__size_of_main           (abs)        00000
__size_of_output         (abs)        00000
__size_of_sin_culc       (abs)        00000
_adc_velocity            bssCOMMON    00078
_bit_angle               bssBANK0     0005C
_cos_culc                text2        0026A
_init                    text5        00235
_intr                    intentry     00004
_main                    maintext     00295
_output                  text1        0007E
_output$650              cstackBANK1  000A0
_output$651              cstackBANK1  000A1
_output$652              cstackBANK1  000A2
_output$653              cstackBANK1  000A3
_quadrant                dataBANK0    00050
_sin_culc                text3        002AE
_sin_table               dataBANK0    00040
btemp                    (abs)        0007E
cos_culc@cos_angle_val   cstackBANK0  0005E
end_of_initialization    cinit        0007A
init_ram                 inittext     002BE
int$flags                (abs)        0007E
intlevel0                functab      00000
intlevel1                functab      00000
intlevel2                functab      00000
intlevel3                functab      00000
intlevel4                functab      00000
intlevel5                functab      00000
intr@TMR2_counter        bssCOMMON    00076
output@F2805             bssBANK0     00052
output@PWM_DUTY          cstackBANK1  000A8
output@V8_num            bssBANK0     0005A
output@cos_out           cstackBANK1  000A6
output@sin_out           cstackBANK1  000A4
reset_vec                reset_vec    00000
sin_culc@sin_angle_val   cstackCOMMON 00074
stackhi                  (abs)        0216F
stacklo                  (abs)        02060
start                    init         0005D
start_initialization     cinit        0005F
wtemp0                   (abs)        0007E


FUNCTION INFORMATION:

 *************** function _main *****************
 Defined at:
		line 37 in file "agt3.c"
 Parameters:    Size  Location     Type
		None
 Auto vars:     Size  Location     Type
		None
 Return value:  Size  Location     Type
                  1    wreg      void 
 Registers used:
		wreg, fsr0l, fsr0h, fsr1l, fsr1h, status,2, status,0, pclath, cstack
 Tracked objects:
		On entry : 
		On exit  : 
		Unchanged: 
 Data sizes:     COMMON   BANK0   BANK1   BANK2   BANK3   BANK4
      Params:         0       0       0       0       0       0
      Locals:         0       0       0       0       0       0
      Temps:          0       0       0       0       0       0
      Totals:         0       0       0       0       0       0
Total ram usage:        0 bytes
 Hardware stack levels required when called:    4
 This function calls:
		_ADC_init
		_PWM_init
		_init
		_output
 This function is called by:
		Startup code after reset
 This function uses a non-reentrant model


 *************** function _output *****************
 Defined at:
		line 53 in file "agt3.c"
 Parameters:    Size  Location     Type
		None
 Auto vars:     Size  Location     Type
  PWM_DUTY        8    8[BANK1 ] int [4]
  cos_out         2    6[BANK1 ] int 
  sin_out         2    4[BANK1 ] int 
  cos_out_L       2    0        int 
  sin_out_L       2    0        int 
 Return value:  Size  Location     Type
                  1    wreg      void 
 Registers used:
		wreg, fsr0l, fsr0h, fsr1l, fsr1h, status,2, status,0, pclath, cstack
 Tracked objects:
		On entry : 
		On exit  : 
		Unchanged: 
 Data sizes:     COMMON   BANK0   BANK1   BANK2   BANK3   BANK4
      Params:         0       0       0       0       0       0
      Locals:         0       0      16       0       0       0
      Temps:          0       2       0       0       0       0
      Totals:         0       2      16       0       0       0
Total ram usage:       18 bytes
 Hardware stack levels used:    1
 Hardware stack levels required when called:    3
 This function calls:
		___wmul
		_cos_culc
		_sin_culc
 This function is called by:
		_main
 This function uses a non-reentrant model


 *************** function _cos_culc *****************
 Defined at:
		line 141 in file "agt3.c"
 Parameters:    Size  Location     Type
  cos_angle_va    2    0[BANK0 ] int 
 Auto vars:     Size  Location     Type
		None
 Return value:  Size  Location     Type
                  2    0[BANK0 ] int 
 Registers used:
		wreg, fsr1l, fsr1h, status,2, status,0, pclath, cstack
 Tracked objects:
		On entry : 
		On exit  : 
		Unchanged: 
 Data sizes:     COMMON   BANK0   BANK1   BANK2   BANK3   BANK4
      Params:         0       2       0       0       0       0
      Locals:         0       0       0       0       0       0
      Temps:          0       2       0       0       0       0
      Totals:         0       4       0       0       0       0
Total ram usage:        4 bytes
 Hardware stack levels used:    1
 Hardware stack levels required when called:    2
 This function calls:
		_sin_culc
 This function is called by:
		_output
 This function uses a non-reentrant model


 *************** function _sin_culc *****************
 Defined at:
		line 145 in file "agt3.c"
 Parameters:    Size  Location     Type
  sin_angle_va    2    4[COMMON] int 
 Auto vars:     Size  Location     Type
		None
 Return value:  Size  Location     Type
                  2    4[COMMON] int 
 Registers used:
		wreg, fsr1l, fsr1h, status,2, status,0
 Tracked objects:
		On entry : 
		On exit  : 
		Unchanged: 
 Data sizes:     COMMON   BANK0   BANK1   BANK2   BANK3   BANK4
      Params:         2       0       0       0       0       0
      Locals:         0       0       0       0       0       0
      Temps:          0       0       0       0       0       0
      Totals:         2       0       0       0       0       0
Total ram usage:        2 bytes
 Hardware stack levels used:    1
 Hardware stack levels required when called:    1
 This function calls:
		Nothing
 This function is called by:
		_output
		_cos_culc
 This function uses a non-reentrant model


 *************** function ___wmul *****************
 Defined at:
		line 15 in file "C:\Program Files (x86)\Microchip\xc8\v1.43\sources\common\Umul16.c"
 Parameters:    Size  Location     Type
  multiplier      2    0[BANK0 ] unsigned int 
  multiplicand    2    2[BANK0 ] unsigned int 
 Auto vars:     Size  Location     Type
  product         2    4[COMMON] unsigned int 
 Return value:  Size  Location     Type
                  2    0[BANK0 ] unsigned int 
 Registers used:
		wreg, status,2, status,0
 Tracked objects:
		On entry : 
		On exit  : 
		Unchanged: 
 Data sizes:     COMMON   BANK0   BANK1   BANK2   BANK3   BANK4
      Params:         0       4       0       0       0       0
      Locals:         2       0       0       0       0       0
      Temps:          0       0       0       0       0       0
      Totals:         2       4       0       0       0       0
Total ram usage:        6 bytes
 Hardware stack levels used:    1
 Hardware stack levels required when called:    1
 This function calls:
		Nothing
 This function is called by:
		_output
 This function uses a non-reentrant model


 *************** function _init *****************
 Defined at:
		line 8 in file "init_1827.c"
 Parameters:    Size  Location     Type
		None
 Auto vars:     Size  Location     Type
		None
 Return value:  Size  Location     Type
                  1    wreg      void 
 Registers used:
		wreg, status,2, status,0
 Tracked objects:
		On entry : 
		On exit  : 
		Unchanged: 
 Data sizes:     COMMON   BANK0   BANK1   BANK2   BANK3   BANK4
      Params:         0       0       0       0       0       0
      Locals:         0       0       0       0       0       0
      Temps:          0       0       0       0       0       0
      Totals:         0       0       0       0       0       0
Total ram usage:        0 bytes
 Hardware stack levels used:    1
 Hardware stack levels required when called:    1
 This function calls:
		Nothing
 This function is called by:
		_main
 This function uses a non-reentrant model


 *************** function _PWM_init *****************
 Defined at:
		line 83 in file "init_1827.c"
 Parameters:    Size  Location     Type
		None
 Auto vars:     Size  Location     Type
		None
 Return value:  Size  Location     Type
                  1    wreg      void 
 Registers used:
		wreg, status,2, status,0, pclath, cstack
 Tracked objects:
		On entry : 
		On exit  : 
		Unchanged: 
 Data sizes:     COMMON   BANK0   BANK1   BANK2   BANK3   BANK4
      Params:         0       0       0       0       0       0
      Locals:         0       0       0       0       0       0
      Temps:          0       0       0       0       0       0
      Totals:         0       0       0       0       0       0
Total ram usage:        0 bytes
 Hardware stack levels used:    1
 Hardware stack levels required when called:    2
 This function calls:
		_TMR2_init
 This function is called by:
		_main
 This function uses a non-reentrant model


 *************** function _TMR2_init *****************
 Defined at:
		line 59 in file "init_1827.c"
 Parameters:    Size  Location     Type
		None
 Auto vars:     Size  Location     Type
		None
 Return value:  Size  Location     Type
                  1    wreg      void 
 Registers used:
		wreg, status,2, status,0
 Tracked objects:
		On entry : 
		On exit  : 
		Unchanged: 
 Data sizes:     COMMON   BANK0   BANK1   BANK2   BANK3   BANK4
      Params:         0       0       0       0       0       0
      Locals:         0       0       0       0       0       0
      Temps:          0       0       0       0       0       0
      Totals:         0       0       0       0       0       0
Total ram usage:        0 bytes
 Hardware stack levels used:    1
 Hardware stack levels required when called:    1
 This function calls:
		Nothing
 This function is called by:
		_PWM_init
 This function uses a non-reentrant model


 *************** function _ADC_init *****************
 Defined at:
		line 38 in file "init_1827.c"
 Parameters:    Size  Location     Type
		None
 Auto vars:     Size  Location     Type
		None
 Return value:  Size  Location     Type
                  1    wreg      void 
 Registers used:
		wreg, status,2, status,0, pclath, cstack
 Tracked objects:
		On entry : 
		On exit  : 
		Unchanged: 
 Data sizes:     COMMON   BANK0   BANK1   BANK2   BANK3   BANK4
      Params:         0       0       0       0       0       0
      Locals:         0       0       0       0       0       0
      Temps:          0       0       0       0       0       0
      Totals:         0       0       0       0       0       0
Total ram usage:        0 bytes
 Hardware stack levels used:    1
 Hardware stack levels required when called:    2
 This function calls:
		_FVR_init
 This function is called by:
		_main
 This function uses a non-reentrant model


 *************** function _FVR_init *****************
 Defined at:
		line 75 in file "init_1827.c"
 Parameters:    Size  Location     Type
		None
 Auto vars:     Size  Location     Type
		None
 Return value:  Size  Location     Type
                  1    wreg      void 
 Registers used:
		wreg, status,2, status,0
 Tracked objects:
		On entry : 
		On exit  : 
		Unchanged: 
 Data sizes:     COMMON   BANK0   BANK1   BANK2   BANK3   BANK4
      Params:         0       0       0       0       0       0
      Locals:         0       0       0       0       0       0
      Temps:          0       0       0       0       0       0
      Totals:         0       0       0       0       0       0
Total ram usage:        0 bytes
 Hardware stack levels used:    1
 Hardware stack levels required when called:    1
 This function calls:
		Nothing
 This function is called by:
		_ADC_init
 This function uses a non-reentrant model


 *************** function _intr *****************
 Defined at:
		line 164 in file "agt3.c"
 Parameters:    Size  Location     Type
		None
 Auto vars:     Size  Location     Type
		None
 Return value:  Size  Location     Type
                  1    wreg      void 
 Registers used:
		wreg, status,2, status,0
 Tracked objects:
		On entry : 
		On exit  : 
		Unchanged: 
 Data sizes:     COMMON   BANK0   BANK1   BANK2   BANK3   BANK4
      Params:         0       0       0       0       0       0
      Locals:         0       0       0       0       0       0
      Temps:          4       0       0       0       0       0
      Totals:         4       0       0       0       0       0
Total ram usage:        4 bytes
 Hardware stack levels used:    1
 This function calls:
		Nothing
 This function is called by:
		Interrupt level 1
 This function uses a non-reentrant model



MODULE INFORMATION

Module		Function		Class		Link	Load	Size
shared
		__initialization		CODE           	005F	0000	28

shared estimated size: 28

C:\Program Files (x86)\Microchip\xc8\v1.43\sources\common\Umul16.c
		___wmul        		CODE           	0219	0000	29

C:\Program Files (x86)\Microchip\xc8\v1.43\sources\common\Umul16.c estimated size: 29

init_1827.c
		_init          		CODE           	0235	0000	28
		_PWM_init      		CODE           	0280	0000	22
		_ADC_init      		CODE           	0250	0000	27
		_FVR_init      		CODE           	02B7	0000	8
		_TMR2_init     		CODE           	02A4	0000	11

init_1827.c estimated size: 96

agt3.c
		_sin_culc      		CODE           	02AE	0000	10
		_cos_culc      		CODE           	026A	0000	23
		_main          		CODE           	0295	0000	16
		_intr          		CODE           	0004	0000	90
		_output        		CODE           	007E	0000	362

agt3.c estimated size: 501

